\BOOKMARK [1][]{section.1}{\376\377\116\000\060\001\000\040\225\356\230\230\221\315\217\360}{}% 1
\BOOKMARK [2][]{subsection.1.1}{\376\377\0001\000.\0001\000\040\225\356\230\230\200\314\146\157}{section.1}% 2
\BOOKMARK [2][]{subsection.1.2}{\376\377\0001\000.\0002\000\040\225\356\230\230\143\320\121\372}{section.1}% 3
\BOOKMARK [1][]{section.2}{\376\377\116\214\060\001\000\040\225\356\230\230\122\006\147\220}{}% 4
\BOOKMARK [2][]{subsection.2.1}{\376\377\0002\000.\0001\000\040\225\356\230\230\116\000\122\006\147\220}{section.2}% 5
\BOOKMARK [2][]{subsection.2.2}{\376\377\0002\000.\0002\000\040\225\356\230\230\116\214\122\006\147\220}{section.2}% 6
\BOOKMARK [1][]{section.3}{\376\377\116\011\060\001\000\040\152\041\127\213\120\107\213\276}{}% 7
\BOOKMARK [1][]{section.4}{\376\377\126\333\060\001\000\040\173\046\123\367\213\364\146\016}{}% 8
\BOOKMARK [1][]{section.5}{\376\377\116\224\060\001\000\040\225\356\230\230\116\000\166\204\152\041\127\213\166\204\136\372\172\313\124\214\154\102\211\343}{}% 9
\BOOKMARK [2][]{subsection.5.1}{\376\377\0005\000.\0001\000\040\121\167\117\123\122\006\147\220}{section.5}% 10
\BOOKMARK [2][]{subsection.5.2}{\376\377\0005\000.\0002\000\040\133\232\117\115\123\072\127\337\145\160\133\146\152\041\127\213\166\204\136\372\172\313}{section.5}% 11
\BOOKMARK [3][]{subsubsection.5.2.1}{\376\377\0005\000.\0002\000.\0001\000\040\127\120\150\007\174\373\116\016\171\072\124\021\136\246\210\150\171\072}{subsection.5.2}% 12
\BOOKMARK [3][]{subsubsection.5.2.2}{\376\377\0005\000.\0002\000.\0002\000\040\123\125\150\300\155\113\160\271\166\204\211\322\127\337\152\041\127\213}{subsection.5.2}% 13
\BOOKMARK [3][]{subsubsection.5.2.3}{\376\377\0005\000.\0002\000.\0003\000\040\211\322\127\337\176\246\147\137\166\204\176\337\116\000\210\150\171\072}{subsection.5.2}% 14
\BOOKMARK [3][]{subsubsection.5.2.4}{\376\377\0005\000.\0002\000.\0004\000\040\131\032\150\300\155\113\160\271\176\246\147\137\154\102\116\244}{subsection.5.2}% 15
\BOOKMARK [3][]{subsubsection.5.2.5}{\376\377\0005\000.\0002\000.\0005\000\040\133\232\117\115\123\072\127\337\230\166\160\271\123\312\123\357\210\114\127\337\166\204\170\156\133\232}{subsection.5.2}% 16
\BOOKMARK [2][]{subsection.5.3}{\376\377\0005\000.\0003\000\040\131\032\217\271\137\142\166\364\137\204\166\204\213\241\173\227}{section.5}% 17
\BOOKMARK [3][]{subsubsection.5.3.1}{\376\377\0005\000.\0003\000.\0001\000\040\166\364\137\204\133\232\116\111\116\016\230\166\160\271\147\000\217\334\140\047\213\301\146\016}{subsection.5.3}% 18
\BOOKMARK [3][]{subsubsection.5.3.2}{\376\377\0005\000.\0003\000.\0002\000\040\230\166\160\271\133\371\147\232\116\076\154\102\166\364\137\204}{subsection.5.3}% 19
\BOOKMARK [2][]{subsection.5.4}{\376\377\0005\000.\0004\000\040\211\206\166\326\140\047\122\044\133\232}{section.5}% 20
\BOOKMARK [2][]{subsection.5.5}{\376\377\0005\000.\0005\000\040\152\041\127\213\166\204\154\102\211\343}{section.5}% 21
\BOOKMARK [2][]{subsection.5.6}{\376\377\0005\000.\0006\000\040\176\323\147\234\134\125\171\072\116\016\122\006\147\220}{section.5}% 22
\BOOKMARK [3][]{subsubsection.5.6.1}{\376\377\0005\000.\0006\000.\0001\000\040\121\150\134\100\177\121\150\074\220\115\123\206\116\016\123\315\117\213\122\006\147\220}{subsection.5.6}% 23
\BOOKMARK [3][]{subsubsection.5.6.2}{\376\377\0005\000.\0006\000.\0002\000\040\000=\0009\0000\145\366\166\204\121\340\117\125\213\301\146\016}{subsection.5.6}% 24
\BOOKMARK [3][]{subsubsection.5.6.3}{\376\377\0005\000.\0006\000.\0003\000\040\116\064\165\114\131\071\211\322\116\013\166\204\121\150\117\115\177\156\177\121\150\074\232\214\213\301}{subsection.5.6}% 25
\BOOKMARK [1][]{section.6}{\376\377\121\155\060\001\000\040\225\356\230\230\116\214\166\204\152\041\127\213\166\204\136\372\172\313\124\214\154\102\211\343}{}% 26
\BOOKMARK [2][]{subsection.6.1}{\376\377\0006\000.\0001\000\040\121\167\117\123\122\006\147\220}{section.6}% 27
\BOOKMARK [2][]{subsection.6.2}{\376\377\0006\000.\0002\000\040\152\041\127\213\121\306\131\007\116\016\120\031\220\011\123\072\127\337\170\156\133\232}{section.6}% 28
\BOOKMARK [2][]{subsection.6.3}{\376\377\0006\000.\0003\000\040\136\162\142\160\156\220\117\115\177\156\147\232\116\076}{section.6}% 29
\BOOKMARK [2][]{subsection.6.4}{\376\377\0006\000.\0004\000\040\137\205\133\232\166\321\155\113\160\271\177\121\150\074\147\232\116\076}{section.6}% 30
\BOOKMARK [2][]{subsection.6.5}{\376\377\0006\000.\0005\000\040\117\030\136\246\213\304\133\232}{section.6}% 31
\BOOKMARK [2][]{subsection.6.6}{\376\377\0006\000.\0006\000\040\152\041\127\213\154\102\211\343}{section.6}% 32
\BOOKMARK [3][]{subsubsection.6.6.1}{\376\377\0006\000.\0006\000.\0001\000\040\140\073\117\123\122\006\147\220}{subsection.6.6}% 33
\BOOKMARK [3][]{subsubsection.6.6.2}{\376\377\0006\000.\0006\000.\0002\000\040\147\000\117\030\150\300\155\113\117\115\177\156}{subsection.6.6}% 34
\BOOKMARK [3][]{subsubsection.6.6.3}{\376\377\0006\000.\0006\000.\0003\000\040\202\157\131\175\150\300\155\113\117\115\177\156\122\006\147\220}{subsection.6.6}% 35
\BOOKMARK [1][]{section.7}{\376\377\116\003\060\001\000\040\225\356\230\230\116\011\166\204\152\041\127\213\166\204\136\372\172\313\124\214\154\102\211\343}{}% 36
\BOOKMARK [2][]{subsection.7.1}{\376\377\0007\000.\0001\000\040\121\167\117\123\122\006\147\220}{section.7}% 37
\BOOKMARK [2][]{subsection.7.2}{\376\377\0007\000.\0002\000\040\152\041\127\213\121\306\131\007}{section.7}% 38
\BOOKMARK [2][]{subsection.7.3}{\376\377\0007\000.\0003\000\040\152\041\127\213\136\372\172\313}{section.7}% 39
\BOOKMARK [2][]{subsection.7.4}{\376\377\0007\000.\0004\000\040\152\041\127\213\154\102\211\343}{section.7}% 40
\BOOKMARK [1][]{section.8}{\376\377\121\153\060\001\000\040\225\356\230\230\126\333\166\204\152\041\127\213\166\204\136\372\172\313\124\214\154\102\211\343}{}% 41
\BOOKMARK [2][]{subsection.8.1}{\376\377\0008\000.\0001\000\040\121\167\117\123\122\006\147\220}{section.8}% 42
\BOOKMARK [2][]{subsection.8.2}{\376\377\0008\000.\0002\000\040\152\041\127\213\121\306\131\007}{section.8}% 43
\BOOKMARK [2][]{subsection.8.3}{\376\377\0008\000.\0003\000\040\152\041\127\213\136\372\172\313}{section.8}% 44
\BOOKMARK [2][]{subsection.8.4}{\376\377\0008\000.\0004\000\040\152\041\127\213\154\102\211\343}{section.8}% 45
\BOOKMARK [1][]{section.9}{\376\377\116\135\060\001\000\040\152\041\127\213\166\204\122\006\147\220\116\016\150\300\232\214}{}% 46
\BOOKMARK [2][]{subsection.9.1}{\376\377\0009\000.\0001\000\040\160\165\145\117\136\246\122\006\147\220}{section.9}% 47
\BOOKMARK [2][]{subsection.9.2}{\376\377\0009\000.\0002\000\040\213\357\135\356\122\006\147\220}{section.9}% 48
\BOOKMARK [1][]{section.10}{\376\377\123\101\060\001\000\040\152\041\127\213\166\204\213\304\116\367\060\001\145\071\217\333\116\016\143\250\136\177}{}% 49
\BOOKMARK [2][]{subsection.10.1}{\376\377\0001\0000\000.\0001\000\040\152\041\127\213\166\204\117\030\160\271}{section.10}% 50
\BOOKMARK [2][]{subsection.10.2}{\376\377\0001\0000\000.\0002\000\040\152\041\127\213\166\204\177\072\160\271}{section.10}% 51
\BOOKMARK [2][]{subsection.10.3}{\376\377\0001\0000\000.\0003\000\040\152\041\127\213\166\204\145\071\217\333}{section.10}% 52
\BOOKMARK [2][]{subsection.10.4}{\376\377\0001\0000\000.\0004\000\040\152\041\127\213\166\204\143\250\136\177}{section.10}% 53
\BOOKMARK [1][]{appendix.1.A}{\376\377\226\104\137\125\000\040\000A\000\040\145\207\116\366\122\027\210\150}{}% 54
